[consulo-html.vercel.app/html/index.html]
[backblue.gif]
[fade.gif]
[index.html]
[consulo-html.vercel.app/html/assets/img/favicon.png]
[consulo-html.vercel.app/html/assets/css/vendor.css]
[consulo-html.vercel.app/html/assets/css/style.css]
[consulo-html.vercel.app/html/assets/img/logo-white.png]
[consulo-html.vercel.app/html/assets/img/logo.png]
[consulo-html.vercel.app/html/index-2.html]
[consulo-html.vercel.app/html/index-3.html]
[consulo-html.vercel.app/html/index-4.html]
[consulo-html.vercel.app/html/index-5.html]
[consulo-html.vercel.app/html/index-6.html]
[consulo-html.vercel.app/html/about.html]
[consulo-html.vercel.app/html/services.html]
[consulo-html.vercel.app/html/blog.html]
[consulo-html.vercel.app/html/project.html]
[consulo-html.vercel.app/html/project-details.html]
[consulo-html.vercel.app/html/assets/img/menu/1.jpg]
[consulo-html.vercel.app/html/contact.html]
[consulo-html.vercel.app/html/team.html]
[consulo-html.vercel.app/html/faq.html]
[consulo-html.vercel.app/html/service-details.html]
[consulo-html.vercel.app/html/pricing-plan.html]
[consulo-html.vercel.app/html/blog-list.html]
[consulo-html.vercel.app/html/blog-details.html]
[consulo-html.vercel.app/html/contact-2.html]
[consulo-html.vercel.app/html/error.html]
[consulo-html.vercel.app/html/team-details.html]
[consulo-html.vercel.app/html/assets/img/slider/hero-1.jpg]
[consulo-html.vercel.app/html/assets/img/slider/hero-2.jpg]
[consulo-html.vercel.app/html/assets/img/image-text/img1.png]
[consulo-html.vercel.app/html/assets/img/brand/b1.png]
[consulo-html.vercel.app/html/assets/img/brand/b2.png]
[consulo-html.vercel.app/html/assets/img/brand/b3.png]
[consulo-html.vercel.app/html/assets/img/brand/b4.png]
[consulo-html.vercel.app/html/assets/img/brand/b5.png]
[consulo-html.vercel.app/html/assets/img/contact/contact-bg.jpg]
[consulo-html.vercel.app/html/assets/img/project/1.jpg]
[consulo-html.vercel.app/html/assets/img/project/2.jpg]
[consulo-html.vercel.app/html/assets/img/project/3.jpg]
[consulo-html.vercel.app/html/promotion.27.delayed]
[consulo-html.vercel.app/html/assets/img/promotion/1.jpg]
[consulo-html.vercel.app/html/assets/img/team/1.jpg]
[consulo-html.vercel.app/html/assets/img/team/2.jpg]
[consulo-html.vercel.app/html/assets/img/team/3.jpg]
[consulo-html.vercel.app/html/assets/img/team/4.jpg]
[consulo-html.vercel.app/html/assets/img/team/5.jpg]
[consulo-html.vercel.app/html/assets/img/team/6.jpg]
[consulo-html.vercel.app/html/assets/img/team/7.jpg]
[consulo-html.vercel.app/html/assets/img/testimonial/1.jpg]
[consulo-html.vercel.app/html/assets/img/testimonial/2.jpg]
[consulo-html.vercel.app/html/assets/img/testimonial/3.jpg]
[consulo-html.vercel.app/html/assets/img/blog/9.jpg]
[consulo-html.vercel.app/html/assets/img/blog/2.jpg]
[consulo-html.vercel.app/html/assets/img/blog/1.jpg]
[consulo-html.vercel.app/html/assets/img/blog/3.jpg]
[consulo-html.vercel.app/html/assets/img/contact/contact.jpg]
[consulo-html.vercel.app/html/assets/img/footer/footer-bg-large.jpg]
[consulo-html.vercel.app/html/privacy-policy.html]
[consulo-html.vercel.app/html/terms-condition.html]
[consulo-html.vercel.app/html/assets/js/vendor.js]
[consulo-html.vercel.app/html/index.html]
[consulo-html.vercel.app/html/assets/css/vendor.css]
[consulo-html.vercel.app/html/assets/js/main.js]
[consulo-html.vercel.app/html/assets/img/slider/subtract.png]
[consulo-html.vercel.app/html/assets/img/slider/subtract-2.png]
[consulo-html.vercel.app/html/assets/css/style.css]
[consulo-html.vercel.app/html/assets/img/slider/slider-bg.jpg]
[consulo-html.vercel.app/html/assets/img/slider/s1.jpg]
[consulo-html.vercel.app/html/assets/img/slider/s2.jpg]
[consulo-html.vercel.app/html/assets/img/slider/s3.jpg]
[consulo-html.vercel.app/html/assets/img/slider/s1sm.jpg]
[consulo-html.vercel.app/html/assets/img/slider/s2sm.jpg]
[consulo-html.vercel.app/html/assets/img/slider/s3sm.jpg]
[consulo-html.vercel.app/html/assets/img/image-text/img2.png]
[consulo-html.vercel.app/html/assets/img/image-text/img-small.png]
[consulo-html.vercel.app/html/assets/img/project/card/1.jpg]
[consulo-html.vercel.app/html/assets/img/project/card/2.jpg]
[consulo-html.vercel.app/html/assets/img/project/card/3.jpg]
[consulo-html.vercel.app/html/assets/img/project/card/4.jpg]
[consulo-html.vercel.app/html/assets/img/project/card/5.jpg]
[consulo-html.vercel.app/html/assets/img/project/card/6.jpg]
[consulo-html.vercel.app/html/assets/img/project/card/7.jpg]
[consulo-html.vercel.app/html/assets/img/project/card/8.jpg]
[consulo-html.vercel.app/html/assets/img/why-choose-us/1.jpg]
[consulo-html.vercel.app/html/assets/img/why-choose-us/2.jpg]
[consulo-html.vercel.app/html/assets/img/testimonial/t1.jpg]
[consulo-html.vercel.app/html/assets/img/testimonial/t2.jpg]
[consulo-html.vercel.app/html/assets/img/testimonial/t3.jpg]
[consulo-html.vercel.app/html/assets/img/testimonial/t4.jpg]
[consulo-html.vercel.app/html/assets/img/faq/question.png]
[consulo-html.vercel.app/html/index-2.html]
[consulo-html.vercel.app/html/assets/img/slider/b1.jpg]
[consulo-html.vercel.app/html/index-3.html]
[consulo-html.vercel.app/html/assets/img/slider/h4.jpg]
[consulo-html.vercel.app/html/assets/img/project/4.jpg]
[consulo-html.vercel.app/html/index-4.html]
[consulo-html.vercel.app/html/assets/img/brand/logo.png]
[consulo-html.vercel.app/html/assets/img/service/s3.jpg]
[consulo-html.vercel.app/html/assets/img/service/s4.jpg]
[consulo-html.vercel.app/html/assets/img/service/s5.jpg]
[consulo-html.vercel.app/html/assets/img/service/s6.jpg]
[consulo-html.vercel.app/html/assets/img/service/s7.jpg]
[consulo-html.vercel.app/html/assets/img/service/secvice-contact.jpg]
[consulo-html.vercel.app/html/assets/img/video/video.mp4]
[consulo-html.vercel.app/html/index-5.html]
[consulo-html.vercel.app/html/assets/img/slider/h6.jpg]
[consulo-html.vercel.app/html/assets/img/brand/b6.png]
[consulo-html.vercel.app/html/assets/img/project/5.jpg]
[consulo-html.vercel.app/html/assets/img/project/6.jpg]
[consulo-html.vercel.app/html/index-6.html]
[consulo-html.vercel.app/html/assets/img/banner/page-banner.jpg]
[consulo-html.vercel.app/html/assets/img/why-choose-us/bg.jpg]
[consulo-html.vercel.app/html/about.html]
[consulo-html.vercel.app/html/services.html]
[consulo-html.vercel.app/html/assets/img/blog/4.jpg]
[consulo-html.vercel.app/html/assets/img/blog/5.jpg]
[consulo-html.vercel.app/html/assets/img/blog/6.jpg]
[consulo-html.vercel.app/html/assets/img/blog/7.jpg]
[consulo-html.vercel.app/html/assets/img/blog/8.jpg]
[consulo-html.vercel.app/html/blog.html]
[consulo-html.vercel.app/html/project.html]
[consulo-html.vercel.app/html/assets/img/project/project-details/1.jpg]
[consulo-html.vercel.app/html/assets/img/project/project-details/2.jpg]
[consulo-html.vercel.app/html/assets/img/project/project-details/3.jpg]
[consulo-html.vercel.app/html/project-details.html]
[consulo-html.vercel.app/html/contact.html]
[consulo-html.vercel.app/html/team.html]
[consulo-html.vercel.app/html/faq.html]
[consulo-html.vercel.app/html/assets/img/service/s1.jpg]
[consulo-html.vercel.app/html/assets/img/service/sd-1.jpg]
[consulo-html.vercel.app/html/service-details.html]
[consulo-html.vercel.app/html/pricing-plan.html]
[consulo-html.vercel.app/html/blog-list.html]
[consulo-html.vercel.app/html/assets/img/blog/d1.jpg]
[consulo-html.vercel.app/html/assets/img/blog/d2.jpg]
[consulo-html.vercel.app/html/assets/img/blog/c1.jpg]
[consulo-html.vercel.app/html/assets/img/blog/c2.jpg]
[consulo-html.vercel.app/html/assets/img/blog/c3.jpg]
[consulo-html.vercel.app/html/blog-details.html]
[consulo-html.vercel.app/html/contact-2.html]
[consulo-html.vercel.app/html/assets/img/error/error.png]
[consulo-html.vercel.app/html/error.html]
[consulo-html.vercel.app/html/assets/img/team/td-1.jpg]
[consulo-html.vercel.app/html/team-details.html]
[consulo-html.vercel.app/html/promotion.html]
[consulo-html.vercel.app/html/privacy-policy.html]
[consulo-html.vercel.app/html/terms-condition.html]
[consulo-html.vercel.app/html/assets/img/icons/icon-quote.svg]
