[demo.bootstrapdash.com/star-admin-free/dist/themes/vertical-default-light/index.html]
[backblue.gif]
[fade.gif]
[index.html]
[demo.bootstrapdash.com/star-admin-free/dist/themes/assets/vendors/mdi/css/materialdesignicons.min.css]
[demo.bootstrapdash.com/star-admin-free/dist/themes/assets/vendors/flag-icon-css/css/flag-icon.min.css]
[demo.bootstrapdash.com/star-admin-free/dist/themes/assets/vendors/ti-icons/css/themify-icons.css]
[demo.bootstrapdash.com/star-admin-free/dist/themes/assets/vendors/typicons/typicons.css]
[demo.bootstrapdash.com/star-admin-free/dist/themes/assets/vendors/css/vendor.bundle.base.css]
[demo.bootstrapdash.com/star-admin-free/dist/themes/assets/vendors/jvectormap/jquery-jvectormap.css]
[demo.bootstrapdash.com/star-admin-free/dist/themes/assets/css/shared/style.css]
[demo.bootstrapdash.com/star-admin-free/dist/themes/assets/css/vertical-default-light/style.css]
[demo.bootstrapdash.com/star-admin-free/dist/themes/assets/images/favicon.png]
[demo.bootstrapdash.com/star-admin-free/dist/themes/assets/images/faces/face10.jpg]
[demo.bootstrapdash.com/star-admin-free/dist/themes/assets/images/faces/face12.jpg]
[demo.bootstrapdash.com/star-admin-free/dist/themes/assets/images/faces/face1.jpg]
[demo.bootstrapdash.com/star-admin-free/dist/themes/assets/images/faces/face8.jpg]
[demo.bootstrapdash.com/star-admin-free/dist/themes/assets/images/screenshots/default.jpg]
[demo.bootstrapdash.com/star-admin-free/dist/themes/assets/images/screenshots/default-dark.jpg]
[demo.bootstrapdash.com/star-admin-free/dist/themes/assets/images/screenshots/analytics-dasboard.jpg]
[demo.bootstrapdash.com/star-admin-free/dist/themes/assets/images/screenshots/Marketing-dashboard.jpg]
[demo.bootstrapdash.com/star-admin-free/dist/themes/assets/images/screenshots/crm-dashboard.jpg]
[demo.bootstrapdash.com/star-admin-free/dist/themes/assets/images/screenshots/modern-dashboard.jpg]
[demo.bootstrapdash.com/star-admin-free/dist/themes/assets/images/screenshots/e-commerce_dashboard.jpg]
[demo.bootstrapdash.com/star-admin-free/dist/themes/assets/images/screenshots/finance-dashboard.jpg]
[demo.bootstrapdash.com/star-admin-free/dist/themes/assets/images/screenshots/classic-dashboard.jpg]
[demo.bootstrapdash.com/star-admin-free/dist/themes/assets/images/screenshots/horizontal-screens.jpg]
[demo.bootstrapdash.com/star-admin-free/dist/themes/assets/images/faces/face2.jpg]
[demo.bootstrapdash.com/star-admin-free/dist/themes/assets/images/faces/face3.jpg]
[demo.bootstrapdash.com/star-admin-free/dist/themes/assets/images/faces/face4.jpg]
[demo.bootstrapdash.com/star-admin-free/dist/themes/assets/images/faces/face5.jpg]
[demo.bootstrapdash.com/star-admin-free/dist/themes/assets/images/faces/face6.jpg]
[demo.bootstrapdash.com/star-admin-free/dist/themes/vertical-default-light/pages/dashboards/dashboard-2.html]
[demo.bootstrapdash.com/star-admin-free/dist/themes/vertical-default-light/pages/layout/boxed-layout.html]
[demo.bootstrapdash.com/star-admin-free/dist/themes/vertical-default-light/pages/layout/rtl-layout.html]
[demo.bootstrapdash.com/star-admin-free/dist/themes/vertical-default-light/pages/apps/kanban-board.html]
[demo.bootstrapdash.com/star-admin-free/dist/themes/vertical-default-light/pages/apps/email.html]
[demo.bootstrapdash.com/star-admin-free/dist/themes/vertical-default-light/pages/apps/calendar.html]
[demo.bootstrapdash.com/star-admin-free/dist/themes/vertical-default-light/pages/apps/todo.html]
[demo.bootstrapdash.com/star-admin-free/dist/themes/vertical-default-light/pages/apps/gallery.html]
[demo.bootstrapdash.com/star-admin-free/dist/themes/vertical-default-light/pages/apps/tickets.html]
[demo.bootstrapdash.com/star-admin-free/dist/themes/vertical-default-light/pages/apps/chat.html]
[demo.bootstrapdash.com/star-admin-free/dist/themes/vertical-default-light/pages/samples/widgets.html]
[demo.bootstrapdash.com/star-admin-free/dist/themes/vertical-default-light/pages/layout/compact-menu.html]
[demo.bootstrapdash.com/star-admin-free/dist/themes/vertical-default-light/pages/layout/sidebar-collapsed.html]
[demo.bootstrapdash.com/star-admin-free/dist/themes/vertical-default-light/pages/layout/sidebar-hidden.html]
[demo.bootstrapdash.com/star-admin-free/dist/themes/vertical-default-light/pages/layout/sidebar-hidden-overlay.html]
[demo.bootstrapdash.com/star-admin-free/dist/themes/vertical-default-light/pages/layout/sidebar-fixed.html]
[demo.bootstrapdash.com/star-admin-free/dist/themes/vertical-default-light/pages/ui-features/accordions.html]
[demo.bootstrapdash.com/star-admin-free/dist/themes/vertical-default-light/pages/ui-features/buttons.html]
[demo.bootstrapdash.com/star-admin-free/dist/themes/vertical-default-light/pages/ui-features/badges.html]
[demo.bootstrapdash.com/star-admin-free/dist/themes/vertical-default-light/pages/ui-features/breadcrumbs.html]
[demo.bootstrapdash.com/star-admin-free/dist/themes/vertical-default-light/pages/ui-features/dropdowns.html]
[demo.bootstrapdash.com/star-admin-free/dist/themes/vertical-default-light/pages/ui-features/modals.html]
[demo.bootstrapdash.com/star-admin-free/dist/themes/vertical-default-light/pages/ui-features/progress.html]
[demo.bootstrapdash.com/star-admin-free/dist/themes/vertical-default-light/pages/ui-features/pagination.html]
[demo.bootstrapdash.com/star-admin-free/dist/themes/vertical-default-light/pages/ui-features/tabs.html]
[demo.bootstrapdash.com/star-admin-free/dist/themes/vertical-default-light/pages/ui-features/typography.html]
[demo.bootstrapdash.com/star-admin-free/dist/themes/vertical-default-light/pages/ui-features/tooltips.html]
[demo.bootstrapdash.com/star-admin-free/dist/themes/vertical-default-light/pages/ui-features/dragula.html]
[demo.bootstrapdash.com/star-admin-free/dist/themes/vertical-default-light/pages/ui-features/clipboard.html]
[demo.bootstrapdash.com/star-admin-free/dist/themes/vertical-default-light/pages/ui-features/context-menu.html]
[demo.bootstrapdash.com/star-admin-free/dist/themes/vertical-default-light/pages/ui-features/slider.html]
[demo.bootstrapdash.com/star-admin-free/dist/themes/vertical-default-light/pages/ui-features/carousel.html]
[demo.bootstrapdash.com/star-admin-free/dist/themes/vertical-default-light/pages/ui-features/colcade.html]
[demo.bootstrapdash.com/star-admin-free/dist/themes/vertical-default-light/pages/ui-features/loaders.html]
[demo.bootstrapdash.com/star-admin-free/dist/themes/vertical-default-light/pages/ui-features/treeview.html]
[demo.bootstrapdash.com/star-admin-free/dist/themes/vertical-default-light/pages/forms/basic_elements.html]
[demo.bootstrapdash.com/star-admin-free/dist/themes/vertical-default-light/pages/forms/advanced_elements.html]
[demo.bootstrapdash.com/star-admin-free/dist/themes/vertical-default-light/pages/forms/validation.html]
[demo.bootstrapdash.com/star-admin-free/dist/themes/vertical-default-light/pages/forms/wizard-step.html]
[demo.bootstrapdash.com/star-admin-free/dist/themes/vertical-default-light/pages/forms/wizard.html]
[demo.bootstrapdash.com/star-admin-free/dist/themes/vertical-default-light/pages/forms/text_editor.html]
[demo.bootstrapdash.com/star-admin-free/dist/themes/vertical-default-light/pages/forms/code_editor.html]
[demo.bootstrapdash.com/star-admin-free/dist/themes/vertical-default-light/pages/charts/chartjs.html]
[demo.bootstrapdash.com/star-admin-free/dist/themes/vertical-default-light/pages/charts/morris.html]
[demo.bootstrapdash.com/star-admin-free/dist/themes/vertical-default-light/pages/charts/flot-chart.html]
[demo.bootstrapdash.com/star-admin-free/dist/themes/vertical-default-light/pages/charts/google-charts.html]
[demo.bootstrapdash.com/star-admin-free/dist/themes/vertical-default-light/pages/charts/sparkline.html]
[demo.bootstrapdash.com/star-admin-free/dist/themes/vertical-default-light/pages/charts/c3.html]
[demo.bootstrapdash.com/star-admin-free/dist/themes/vertical-default-light/pages/charts/chartist.html]
[demo.bootstrapdash.com/star-admin-free/dist/themes/vertical-default-light/pages/charts/justGage.html]
[demo.bootstrapdash.com/star-admin-free/dist/themes/vertical-default-light/pages/tables/basic-table.html]
[demo.bootstrapdash.com/star-admin-free/dist/themes/vertical-default-light/pages/tables/data-table.html]
[demo.bootstrapdash.com/star-admin-free/dist/themes/vertical-default-light/pages/tables/js-grid.html]
[demo.bootstrapdash.com/star-admin-free/dist/themes/vertical-default-light/pages/tables/sortable-table.html]
[demo.bootstrapdash.com/star-admin-free/dist/themes/vertical-default-light/pages/ui-features/popups.html]
[demo.bootstrapdash.com/star-admin-free/dist/themes/vertical-default-light/pages/ui-features/notifications.html]
[demo.bootstrapdash.com/star-admin-free/dist/themes/vertical-default-light/pages/icons/flag-icons.html]
[demo.bootstrapdash.com/star-admin-free/dist/themes/vertical-default-light/pages/icons/font-awesome.html]
[demo.bootstrapdash.com/star-admin-free/dist/themes/vertical-default-light/pages/icons/simple-line-icon.html]
[demo.bootstrapdash.com/star-admin-free/dist/themes/vertical-default-light/pages/icons/themify.html]
[demo.bootstrapdash.com/star-admin-free/dist/themes/vertical-default-light/pages/maps/mapeal.html]
[demo.bootstrapdash.com/star-admin-free/dist/themes/vertical-default-light/pages/maps/vector-map.html]
[demo.bootstrapdash.com/star-admin-free/dist/themes/vertical-default-light/pages/maps/google-maps.html]
[demo.bootstrapdash.com/star-admin-free/dist/themes/vertical-default-light/pages/samples/login.html]
[demo.bootstrapdash.com/star-admin-free/dist/themes/vertical-default-light/pages/samples/login-2.html]
[demo.bootstrapdash.com/star-admin-free/dist/themes/vertical-default-light/pages/samples/register.html]
[demo.bootstrapdash.com/star-admin-free/dist/themes/vertical-default-light/pages/samples/register-2.html]
[demo.bootstrapdash.com/star-admin-free/dist/themes/vertical-default-light/pages/samples/lock-screen.html]
[demo.bootstrapdash.com/star-admin-free/dist/themes/vertical-default-light/pages/samples/error-404.html]
[demo.bootstrapdash.com/star-admin-free/dist/themes/vertical-default-light/pages/samples/error-500.html]
[demo.bootstrapdash.com/star-admin-free/dist/themes/vertical-default-light/pages/samples/blank-page.html]
[demo.bootstrapdash.com/star-admin-free/dist/themes/vertical-default-light/pages/samples/landing-page.html]
[demo.bootstrapdash.com/star-admin-free/dist/themes/vertical-default-light/pages/samples/profile.html]
[demo.bootstrapdash.com/star-admin-free/dist/themes/vertical-default-light/pages/samples/faq.html]
[demo.bootstrapdash.com/star-admin-free/dist/themes/vertical-default-light/pages/samples/faq-2.html]
[demo.bootstrapdash.com/star-admin-free/dist/themes/vertical-default-light/pages/samples/news-grid.html]
[demo.bootstrapdash.com/star-admin-free/dist/themes/vertical-default-light/pages/samples/timeline.html]
[demo.bootstrapdash.com/star-admin-free/dist/themes/vertical-default-light/pages/samples/search-results.html]
[demo.bootstrapdash.com/star-admin-free/dist/themes/vertical-default-light/pages/samples/portfolio.html]
[demo.bootstrapdash.com/star-admin-free/dist/themes/vertical-default-light/pages/samples/user-listing.html]
[demo.bootstrapdash.com/star-admin-free/dist/themes/vertical-default-light/pages/samples/email-template.html]
[demo.bootstrapdash.com/star-admin-free/dist/themes/vertical-default-light/pages/samples/invoice.html]
[demo.bootstrapdash.com/star-admin-free/dist/themes/vertical-default-light/pages/samples/invoice_2.html]
[demo.bootstrapdash.com/star-admin-free/dist/themes/vertical-default-light/pages/samples/pricing-table.html]
[demo.bootstrapdash.com/star-admin-free/dist/themes/vertical-default-light/pages/samples/product-catalogue.html]
[demo.bootstrapdash.com/star-admin-free/dist/themes/vertical-default-light/pages/samples/project-list.html]
[demo.bootstrapdash.com/star-admin-free/dist/themes/vertical-default-light/pages/samples/orders.html]
[demo.bootstrapdash.com/star-admin-free/dist/themes/assets/vendors/js/vendor.bundle.base.js]
[demo.bootstrapdash.com/star-admin-free/dist/themes/assets/vendors/chart.js/chart.umd.js]
[demo.bootstrapdash.com/star-admin-free/dist/themes/assets/vendors/jvectormap/jquery-jvectormap.min.js]
[demo.bootstrapdash.com/star-admin-free/dist/themes/assets/vendors/jvectormap/jquery-jvectormap-world-mill-en.js]
[demo.bootstrapdash.com/star-admin-free/dist/themes/assets/vendors/justgage/raphael-2.1.4.min.js]
[demo.bootstrapdash.com/star-admin-free/dist/themes/assets/vendors/justgage/justgage.js]
[demo.bootstrapdash.com/star-admin-free/dist/themes/assets/js/shared/off-canvas.js]
[demo.bootstrapdash.com/star-admin-free/dist/themes/assets/js/shared/hoverable-collapse.js]
[demo.bootstrapdash.com/star-admin-free/dist/themes/assets/js/shared/misc.js]
[demo.bootstrapdash.com/star-admin-free/dist/themes/assets/js/shared/settings.js]
[demo.bootstrapdash.com/star-admin-free/dist/themes/assets/js/shared/todolist.js]
[demo.bootstrapdash.com/star-admin-free/dist/themes/vertical-default-light/index.html]
[demo.bootstrapdash.com/star-admin-free/dist/themes/assets/vendors/mdi/css/materialdesignicons.min.css]
[demo.bootstrapdash.com/star-admin-free/dist/themes/assets/vendors/flag-icon-css/css/flag-icon.min.css]
[demo.bootstrapdash.com/star-admin-free/dist/themes/assets/vendors/ti-icons/css/themify-icons.css]
[demo.bootstrapdash.com/star-admin-free/dist/themes/assets/js/demo_1/dashboard.js]
[demo.bootstrapdash.com/star-admin-free/dist/themes/assets/vendors/typicons/typiconsc70e.eot]
[demo.bootstrapdash.com/star-admin-free/dist/themes/assets/vendors/typicons/typicons2471.woff2]
[demo.bootstrapdash.com/star-admin-free/dist/themes/assets/vendors/typicons/typicons2471.woff]
[demo.bootstrapdash.com/star-admin-free/dist/themes/assets/vendors/typicons/typicons2471.ttf]
[demo.bootstrapdash.com/star-admin-free/dist/themes/assets/vendors/typicons/typicons.css]
[demo.bootstrapdash.com/star-admin-free/dist/themes/assets/vendors/css/vendor.bundle.base.css]
[demo.bootstrapdash.com/star-admin-free/dist/themes/assets/vendors/jvectormap/jquery-jvectormap.css]
[demo.bootstrapdash.com/star-admin-free/dist/themes/assets/vendors/typicons/typicons2471.svg]
[demo.bootstrapdash.com/star-admin-free/dist/themes/assets/images/sprites/jsgrid-icons.png]
[demo.bootstrapdash.com/star-admin-free/dist/themes/assets/images/auth/login_1.jpg]
[demo.bootstrapdash.com/star-admin-free/dist/themes/assets/images/auth/register.jpg]
[demo.bootstrapdash.com/star-admin-free/dist/themes/assets/images/auth/login_2.jpg]
[demo.bootstrapdash.com/star-admin-free/dist/themes/assets/images/auth/register_2.jpg]
[demo.bootstrapdash.com/star-admin-free/dist/themes/assets/images/samples/profile_page/profile_header_banner.jpg]
[demo.bootstrapdash.com/star-admin-free/dist/themes/assets/images/samples/invoice_banner.jpg]
[demo.bootstrapdash.com/star-admin-free/dist/themes/assets/images/samples/300x300/1.jpg]
[demo.bootstrapdash.com/star-admin-free/dist/themes/assets/images/samples/300x300/2.jpg]
[demo.bootstrapdash.com/star-admin-free/dist/themes/assets/images/samples/300x300/3.jpg]
[demo.bootstrapdash.com/star-admin-free/dist/themes/assets/css/shared/style.css]
[demo.bootstrapdash.com/star-admin-free/dist/themes/assets/css/vertical-default-light/style.css]
[demo.bootstrapdash.com/star-admin-free/dist/themes/assets/images/faces/face9.jpg]
[demo.bootstrapdash.com/star-admin-free/dist/themes/assets/images/faces/face7.jpg]
[demo.bootstrapdash.com/star-admin-free/dist/themes/assets/images/faces/face25.jpg]
[demo.bootstrapdash.com/star-admin-free/dist/themes/assets/images/faces/face13.jpg]
[demo.bootstrapdash.com/star-admin-free/dist/themes/assets/images/faces/face20.jpg]
[demo.bootstrapdash.com/star-admin-free/dist/themes/assets/images/faces/face17.jpg]
[demo.bootstrapdash.com/star-admin-free/dist/themes/assets/images/faces/face14.jpg]
[demo.bootstrapdash.com/star-admin-free/dist/themes/assets/images/faces/face21.jpg]
[demo.bootstrapdash.com/star-admin-free/dist/themes/assets/images/faces/face16.jpg]
[demo.bootstrapdash.com/star-admin-free/dist/themes/assets/vendors/progressbar.js/progressbar.min.js]
[demo.bootstrapdash.com/star-admin-free/dist/themes/vertical-default-light/pages/dashboards/dashboard-2.html]
[demo.bootstrapdash.com/star-admin-free/dist/themes/assets/js/demo_1/dashboard_2.js]
[demo.bootstrapdash.com/star-admin-free/dist/themes/assets/images/product_images/imac.png]
[demo.bootstrapdash.com/star-admin-free/dist/themes/assets/images/product_images/macbook-pro.png]
[demo.bootstrapdash.com/star-admin-free/dist/themes/assets/images/product_images/iphone.png]
[demo.bootstrapdash.com/star-admin-free/dist/themes/assets/images/product_images/apple-watch.jpg]
[demo.bootstrapdash.com/star-admin-free/dist/themes/assets/images/product_images/magic-mouse.png]
[demo.bootstrapdash.com/star-admin-free/dist/themes/assets/images/product_images/Homepod.png]
[demo.bootstrapdash.com/star-admin-free/dist/themes/vertical-default-light/pages/layout/boxed-layout.html]
[demo.bootstrapdash.com/star-admin-free/dist/themes/assets/js/shared/widgets.js]
[demo.bootstrapdash.com/star-admin-free/dist/themes/assets/images/file-icons/chrome.png]
[demo.bootstrapdash.com/star-admin-free/dist/themes/assets/images/file-icons/firefox.png]
[demo.bootstrapdash.com/star-admin-free/dist/themes/assets/images/file-icons/opera.png]
[demo.bootstrapdash.com/star-admin-free/dist/themes/assets/images/file-icons/Safari.png]
[demo.bootstrapdash.com/star-admin-free/dist/themes/vertical-default-light/pages/layout/rtl-layout.html]
[code.jquery.com/ui/1.10.4/themes/ui-lightness/jquery-ui.css]
[demo.bootstrapdash.com/star-admin-free/dist/themes/vertical-default-light/pages/apps/kanban-board.html]
[code.jquery.com/ui/1.12.1/jquery-ui.min.js]
[demo.bootstrapdash.com/star-admin-free/dist/themes/assets/images/faces/face23.jpg]
[demo.bootstrapdash.com/star-admin-free/dist/themes/vertical-default-light/pages/apps/email.html]
[demo.bootstrapdash.com/star-admin-free/dist/themes/assets/images/faces/face11.jpg]
[demo.bootstrapdash.com/star-admin-free/dist/themes/assets/vendors/fullcalendar/fullcalendar.min.css]
[demo.bootstrapdash.com/star-admin-free/dist/themes/assets/vendors/moment/moment.min.js]
[demo.bootstrapdash.com/star-admin-free/dist/themes/assets/vendors/fullcalendar/fullcalendar.min.js]
[demo.bootstrapdash.com/star-admin-free/dist/themes/vertical-default-light/pages/apps/calendar.html]
[demo.bootstrapdash.com/star-admin-free/dist/themes/vertical-default-light/pages/apps/todo.html]
[demo.bootstrapdash.com/star-admin-free/dist/themes/assets/js/shared/calendar.js]
[demo.bootstrapdash.com/star-admin-free/dist/themes/assets/vendors/lightgallery/css/lightgallery.css]
[demo.bootstrapdash.com/star-admin-free/dist/themes/assets/images/samples/1280x768/1.jpg]
[demo.bootstrapdash.com/star-admin-free/dist/themes/assets/images/samples/1280x768/2.jpg]
[demo.bootstrapdash.com/star-admin-free/dist/themes/assets/images/samples/1280x768/3.jpg]
[demo.bootstrapdash.com/star-admin-free/dist/themes/assets/images/samples/1280x768/4.jpg]
[demo.bootstrapdash.com/star-admin-free/dist/themes/assets/images/samples/300x300/4.jpg]
[demo.bootstrapdash.com/star-admin-free/dist/themes/assets/images/samples/1280x768/5.jpg]
[demo.bootstrapdash.com/star-admin-free/dist/themes/assets/images/samples/300x300/5.jpg]
[demo.bootstrapdash.com/star-admin-free/dist/themes/assets/images/samples/1280x768/6.jpg]
[demo.bootstrapdash.com/star-admin-free/dist/themes/assets/images/samples/300x300/6.jpg]
[demo.bootstrapdash.com/star-admin-free/dist/themes/assets/images/samples/1280x768/7.jpg]
[demo.bootstrapdash.com/star-admin-free/dist/themes/assets/images/samples/300x300/7.jpg]
[demo.bootstrapdash.com/star-admin-free/dist/themes/assets/images/samples/1280x768/8.jpg]
[demo.bootstrapdash.com/star-admin-free/dist/themes/assets/images/samples/300x300/8.jpg]
[demo.bootstrapdash.com/star-admin-free/dist/themes/assets/images/samples/1280x768/9.jpg]
[demo.bootstrapdash.com/star-admin-free/dist/themes/assets/images/samples/300x300/9.jpg]
[demo.bootstrapdash.com/star-admin-free/dist/themes/assets/images/samples/1280x768/10.jpg]
[demo.bootstrapdash.com/star-admin-free/dist/themes/assets/images/samples/300x300/10.jpg]
[demo.bootstrapdash.com/star-admin-free/dist/themes/assets/images/samples/1280x768/11.jpg]
[demo.bootstrapdash.com/star-admin-free/dist/themes/assets/images/samples/300x300/11.jpg]
[demo.bootstrapdash.com/star-admin-free/dist/themes/assets/images/samples/1280x768/12.jpg]
[demo.bootstrapdash.com/star-admin-free/dist/themes/assets/images/samples/300x300/12.jpg]
[demo.bootstrapdash.com/star-admin-free/dist/themes/assets/images/lightbox/thumb-v-y-1.jpg]
[demo.bootstrapdash.com/star-admin-free/dist/themes/assets/images/lightbox/play-button.png]
[demo.bootstrapdash.com/star-admin-free/dist/themes/assets/images/lightbox/thumb-v-y-2.jpg]
[demo.bootstrapdash.com/star-admin-free/dist/themes/assets/images/lightbox/thumb-v-v-1.jpg]
[demo.bootstrapdash.com/star-admin-free/dist/themes/assets/images/lightbox/thumb-v-v-2.jpg]
[demo.bootstrapdash.com/star-admin-free/dist/themes/assets/vendors/lightgallery/js/lightgallery-all.min.js]
[demo.bootstrapdash.com/star-admin-free/dist/themes/vertical-default-light/pages/apps/gallery.html]
[demo.bootstrapdash.com/star-admin-free/dist/themes/assets/js/shared/light-gallery.js]
[demo.bootstrapdash.com/star-admin-free/dist/themes/assets/images/faces/face18.jpg]
[demo.bootstrapdash.com/star-admin-free/dist/themes/assets/images/faces/face15.jpg]
[demo.bootstrapdash.com/star-admin-free/dist/themes/vertical-default-light/pages/apps/tickets.html]
[demo.bootstrapdash.com/star-admin-free/dist/themes/assets/images/chat/profile_image.jpg]
[demo.bootstrapdash.com/star-admin-free/dist/themes/assets/images/chat/thumb_image1.jpg]
[demo.bootstrapdash.com/star-admin-free/dist/themes/assets/images/chat/thumb_image2.jpg]
[demo.bootstrapdash.com/star-admin-free/dist/themes/assets/images/chat/thumb_image3.jpg]
[demo.bootstrapdash.com/star-admin-free/dist/themes/assets/images/chat/thumb_image4.jpg]
[demo.bootstrapdash.com/star-admin-free/dist/themes/assets/images/chat/thumb_image5.jpg]
[demo.bootstrapdash.com/star-admin-free/dist/themes/assets/images/chat/thumb_image6.jpg]
[demo.bootstrapdash.com/star-admin-free/dist/themes/assets/images/chat/thumb_image7.jpg]
[demo.bootstrapdash.com/star-admin-free/dist/themes/assets/images/chat/thumb_image8.jpg]
[demo.bootstrapdash.com/star-admin-free/dist/themes/vertical-default-light/pages/apps/chat.html]
[demo.bootstrapdash.com/star-admin-free/dist/themes/assets/vendors/jquery-bar-rating/css-stars.css]
[demo.bootstrapdash.com/star-admin-free/dist/themes/assets/images/dashboard/img_1.jpg]
[demo.bootstrapdash.com/star-admin-free/dist/themes/assets/images/dashboard/img_2.jpg]
[demo.bootstrapdash.com/star-admin-free/dist/themes/assets/images/dashboard/img_3.jpg]
[demo.bootstrapdash.com/star-admin-free/dist/themes/assets/vendors/jquery-bar-rating/jquery.barrating.min.js]
[demo.bootstrapdash.com/star-admin-free/dist/themes/vertical-default-light/pages/samples/widgets.html]
[demo.bootstrapdash.com/star-admin-free/dist/themes/vertical-default-light/pages/layout/compact-menu.html]
[demo.bootstrapdash.com/star-admin-free/dist/themes/vertical-default-light/pages/layout/sidebar-collapsed.html]
[demo.bootstrapdash.com/star-admin-free/dist/themes/vertical-default-light/pages/layout/sidebar-hidden.html]
[demo.bootstrapdash.com/star-admin-free/dist/themes/vertical-default-light/pages/layout/sidebar-hidden-overlay.html]
[demo.bootstrapdash.com/star-admin-free/dist/themes/vertical-default-light/pages/layout/sidebar-fixed.html]
[demo.bootstrapdash.com/star-admin-free/dist/themes/vertical-default-light/pages/ui-features/accordions.html]
[demo.bootstrapdash.com/star-admin-free/dist/themes/vertical-default-light/pages/ui-features/buttons.html]
[demo.bootstrapdash.com/star-admin-free/dist/themes/vertical-default-light/pages/ui-features/badges.html]
[demo.bootstrapdash.com/star-admin-free/dist/themes/vertical-default-light/pages/ui-features/breadcrumbs.html]
[demo.bootstrapdash.com/star-admin-free/dist/themes/vertical-default-light/pages/ui-features/dropdowns.html]
[demo.bootstrapdash.com/star-admin-free/dist/themes/assets/js/shared/todo.js]
[demo.bootstrapdash.com/star-admin-free/dist/themes/vertical-default-light/pages/ui-features/modals.html]
[demo.bootstrapdash.com/star-admin-free/dist/themes/assets/js/shared/modal-demo.js]
[demo.bootstrapdash.com/star-admin-free/dist/themes/vertical-default-light/pages/ui-features/progress.html]
[demo.bootstrapdash.com/star-admin-free/dist/themes/assets/js/shared/progress-bar.js]
[demo.bootstrapdash.com/star-admin-free/dist/themes/vertical-default-light/pages/ui-features/pagination.html]
[demo.bootstrapdash.com/star-admin-free/dist/themes/assets/js/shared/paginate.js]
[demo.bootstrapdash.com/star-admin-free/dist/themes/assets/images/samples/tab_preview/01.png]
[demo.bootstrapdash.com/star-admin-free/dist/themes/assets/images/samples/tab_preview/04.png]
[demo.bootstrapdash.com/star-admin-free/dist/themes/assets/images/samples/tab_preview/05.png]
[demo.bootstrapdash.com/star-admin-free/dist/themes/assets/images/samples/tab_preview/03.png]
[demo.bootstrapdash.com/star-admin-free/dist/themes/assets/images/samples/tab_preview/02.png]
[demo.bootstrapdash.com/star-admin-free/dist/themes/vertical-default-light/pages/ui-features/tabs.html]
[demo.bootstrapdash.com/star-admin-free/dist/themes/vertical-default-light/pages/ui-features/typography.html]
[demo.bootstrapdash.com/star-admin-free/dist/themes/assets/js/shared/tabs.js]
[demo.bootstrapdash.com/star-admin-free/dist/themes/assets/js/shared/tooltips.js]
[demo.bootstrapdash.com/star-admin-free/dist/themes/vertical-default-light/pages/ui-features/tooltips.html]
[demo.bootstrapdash.com/star-admin-free/dist/themes/assets/js/shared/popover.js]
[demo.bootstrapdash.com/star-admin-free/dist/themes/assets/vendors/dragula/dragula.min.css]
[demo.bootstrapdash.com/star-admin-free/dist/themes/assets/vendors/dragula/dragula.min.js]
[demo.bootstrapdash.com/star-admin-free/dist/themes/vertical-default-light/pages/ui-features/dragula.html]
[demo.bootstrapdash.com/star-admin-free/dist/themes/assets/js/shared/dragula.js]
[demo.bootstrapdash.com/star-admin-free/dist/themes/assets/vendors/clipboard/clipboard.min.js]
[demo.bootstrapdash.com/star-admin-free/dist/themes/vertical-default-light/pages/ui-features/clipboard.html]
[demo.bootstrapdash.com/star-admin-free/dist/themes/assets/js/shared/clipboard.js]
[demo.bootstrapdash.com/star-admin-free/dist/themes/assets/vendors/jquery-contextmenu/jquery.contextMenu.min.css]
[demo.bootstrapdash.com/star-admin-free/dist/themes/assets/vendors/jquery-contextmenu/jquery.contextMenu.min.js]
[demo.bootstrapdash.com/star-admin-free/dist/themes/vertical-default-light/pages/ui-features/context-menu.html]
[demo.bootstrapdash.com/star-admin-free/dist/themes/assets/js/shared/context-menu.js]
[demo.bootstrapdash.com/star-admin-free/dist/themes/assets/vendors/nouislider/nouislider.min.css]
[demo.bootstrapdash.com/star-admin-free/dist/themes/assets/vendors/ion-rangeslider/css/ion.rangeSlider.css]
[demo.bootstrapdash.com/star-admin-free/dist/themes/assets/vendors/nouislider/nouislider.min.js]
[demo.bootstrapdash.com/star-admin-free/dist/themes/assets/vendors/ion-rangeslider/js/ion.rangeSlider.min.js]
[demo.bootstrapdash.com/star-admin-free/dist/themes/assets/js/shared/no-ui-slider.js]
[demo.bootstrapdash.com/star-admin-free/dist/themes/vertical-default-light/pages/ui-features/slider.html]
[demo.bootstrapdash.com/star-admin-free/dist/themes/assets/js/shared/ion-range-slider.js]
[demo.bootstrapdash.com/star-admin-free/dist/themes/assets/vendors/owl-carousel-2/owl.carousel.min.css]
[demo.bootstrapdash.com/star-admin-free/dist/themes/assets/vendors/owl-carousel-2/owl.theme.default.min.css]
[demo.bootstrapdash.com/star-admin-free/dist/themes/assets/images/carousel/banner_12.jpg]
[demo.bootstrapdash.com/star-admin-free/dist/themes/assets/images/carousel/banner_2.jpg]
[demo.bootstrapdash.com/star-admin-free/dist/themes/assets/images/carousel/banner_1.jpg]
[demo.bootstrapdash.com/star-admin-free/dist/themes/assets/images/carousel/banner_4.jpg]
[demo.bootstrapdash.com/star-admin-free/dist/themes/assets/images/carousel/banner_5.jpg]
[demo.bootstrapdash.com/star-admin-free/dist/themes/assets/images/carousel/banner_6.jpg]
[demo.bootstrapdash.com/star-admin-free/dist/themes/assets/images/carousel/banner_7.jpg]
[demo.bootstrapdash.com/star-admin-free/dist/themes/assets/images/carousel/banner_8.jpg]
[demo.bootstrapdash.com/star-admin-free/dist/themes/assets/images/carousel/banner_9.jpg]
[demo.bootstrapdash.com/star-admin-free/dist/themes/assets/images/carousel/banner_10.jpg]
[demo.bootstrapdash.com/star-admin-free/dist/themes/assets/images/carousel/banner_11.jpg]
[demo.bootstrapdash.com/star-admin-free/dist/themes/assets/images/carousel/banner_3.jpg]
[demo.bootstrapdash.com/star-admin-free/dist/themes/assets/vendors/owl-carousel-2/owl.carousel.min.js]
[demo.bootstrapdash.com/star-admin-free/dist/themes/vertical-default-light/pages/ui-features/carousel.html]
[demo.bootstrapdash.com/star-admin-free/dist/themes/assets/js/shared/owl-carousel.js]
[demo.bootstrapdash.com/star-admin-free/dist/themes/assets/vendors/colcade/colcade.js]
[demo.bootstrapdash.com/star-admin-free/dist/themes/vertical-default-light/pages/ui-features/colcade.html]
[demo.bootstrapdash.com/star-admin-free/dist/themes/vertical-default-light/pages/ui-features/loaders.html]
[demo.bootstrapdash.com/star-admin-free/dist/themes/assets/js/shared/tight-grid.js]
[demo.bootstrapdash.com/star-admin-free/dist/themes/assets/vendors/jstree/themes/default/style.min.css]
[demo.bootstrapdash.com/star-admin-free/dist/themes/assets/vendors/jstree/jstree.min.js]
[demo.bootstrapdash.com/star-admin-free/dist/themes/vertical-default-light/pages/ui-features/treeview.html]
[demo.bootstrapdash.com/star-admin-free/dist/themes/assets/js/shared/js-tree.js]
[demo.bootstrapdash.com/star-admin-free/dist/themes/assets/vendors/select2/select2.min.css]
[demo.bootstrapdash.com/star-admin-free/dist/themes/assets/vendors/select2-bootstrap-theme/select2-bootstrap.min.css]
[demo.bootstrapdash.com/star-admin-free/dist/themes/assets/vendors/icheck/all.css]
[demo.bootstrapdash.com/star-admin-free/dist/themes/assets/vendors/select2/select2.min.js]
[demo.bootstrapdash.com/star-admin-free/dist/themes/assets/vendors/typeahead.js/typeahead.bundle.min.js]
[demo.bootstrapdash.com/star-admin-free/dist/themes/assets/vendors/icheck/icheck.min.js]
[demo.bootstrapdash.com/star-admin-free/dist/themes/assets/js/shared/file-upload.js]
[demo.bootstrapdash.com/star-admin-free/dist/themes/assets/js/shared/iCheck.js]
[demo.bootstrapdash.com/star-admin-free/dist/themes/assets/js/shared/typeahead.js]
[demo.bootstrapdash.com/star-admin-free/dist/themes/vertical-default-light/pages/forms/basic_elements.html]
[demo.bootstrapdash.com/star-admin-free/dist/themes/assets/js/shared/select2.js]
[demo.bootstrapdash.com/star-admin-free/dist/themes/assets/vendors/dropzone/dropzone.css]
[demo.bootstrapdash.com/star-admin-free/dist/themes/assets/vendors/font-awesome/css/font-awesome.min.css]
[demo.bootstrapdash.com/star-admin-free/dist/themes/assets/vendors/jquery-bar-rating/bars-1to10.css]
[demo.bootstrapdash.com/star-admin-free/dist/themes/assets/vendors/jquery-bar-rating/bars-horizontal.css]
[demo.bootstrapdash.com/star-admin-free/dist/themes/assets/vendors/jquery-bar-rating/bars-movie.css]
[demo.bootstrapdash.com/star-admin-free/dist/themes/assets/vendors/jquery-bar-rating/bars-pill.css]
[demo.bootstrapdash.com/star-admin-free/dist/themes/assets/vendors/jquery-bar-rating/bars-reversed.css]
[demo.bootstrapdash.com/star-admin-free/dist/themes/assets/vendors/jquery-bar-rating/bars-square.css]
[demo.bootstrapdash.com/star-admin-free/dist/themes/assets/vendors/jquery-bar-rating/bootstrap-stars.css]
[demo.bootstrapdash.com/star-admin-free/dist/themes/assets/vendors/jquery-bar-rating/examples.css]
[demo.bootstrapdash.com/star-admin-free/dist/themes/assets/vendors/jquery-bar-rating/fontawesome-stars-o.css]
[demo.bootstrapdash.com/star-admin-free/dist/themes/assets/vendors/jquery-bar-rating/fontawesome-stars.css]
[demo.bootstrapdash.com/star-admin-free/dist/themes/assets/vendors/jquery-asColorPicker/css/asColorPicker.min.css]
[demo.bootstrapdash.com/star-admin-free/dist/themes/assets/vendors/x-editable/bootstrap-editable.css]
[demo.bootstrapdash.com/star-admin-free/dist/themes/assets/vendors/bootstrap-datepicker/bootstrap-datepicker.min.css]
[demo.bootstrapdash.com/star-admin-free/dist/themes/assets/vendors/dropify/dropify.min.css]
[demo.bootstrapdash.com/star-admin-free/dist/themes/assets/vendors/jquery-file-upload/uploadfile.css]
[demo.bootstrapdash.com/star-admin-free/dist/themes/assets/vendors/jquery-tags-input/jquery.tagsinput.min.css]
[demo.bootstrapdash.com/star-admin-free/dist/themes/assets/vendors/tempusdominus-bootstrap-4/tempusdominus-bootstrap-4.min.css]
[demo.bootstrapdash.com/star-admin-free/dist/themes/vertical-default-light/pages/forms/dropify.html]
[demo.bootstrapdash.com/star-admin-free/dist/themes/assets/vendors/jquery-asColor/jquery-asColor.min.js]
[demo.bootstrapdash.com/star-admin-free/dist/themes/assets/vendors/jquery-asGradient/jquery-asGradient.min.js]
[demo.bootstrapdash.com/star-admin-free/dist/themes/assets/vendors/jquery-asColorPicker/jquery-asColorPicker.min.js]
[demo.bootstrapdash.com/star-admin-free/dist/themes/assets/vendors/x-editable/bootstrap-editable.min.js]
[demo.bootstrapdash.com/star-admin-free/dist/themes/assets/vendors/tempusdominus-bootstrap-4/tempusdominus-bootstrap-4.js]
[demo.bootstrapdash.com/star-admin-free/dist/themes/assets/vendors/bootstrap-datepicker/bootstrap-datepicker.min.js]
[demo.bootstrapdash.com/star-admin-free/dist/themes/assets/vendors/dropify/dropify.min.js]
[demo.bootstrapdash.com/star-admin-free/dist/themes/assets/vendors/jquery-file-upload/jquery.uploadfile.min.js]
[demo.bootstrapdash.com/star-admin-free/dist/themes/assets/vendors/jquery-tags-input/jquery.tagsinput.min.js]
[demo.bootstrapdash.com/star-admin-free/dist/themes/assets/vendors/dropzone/dropzone.js]
[demo.bootstrapdash.com/star-admin-free/dist/themes/assets/vendors/jquery.repeater/jquery.repeater.min.js]
[demo.bootstrapdash.com/star-admin-free/dist/themes/assets/vendors/inputmask/jquery.inputmask.bundle.js]
[demo.bootstrapdash.com/star-admin-free/dist/themes/assets/js/shared/formpickers.js]
[demo.bootstrapdash.com/star-admin-free/dist/themes/assets/js/shared/form-addons.js]
[demo.bootstrapdash.com/star-admin-free/dist/themes/assets/js/shared/x-editable.js]
[demo.bootstrapdash.com/star-admin-free/dist/themes/assets/js/shared/inputmask.js]
[demo.bootstrapdash.com/star-admin-free/dist/themes/assets/js/shared/dropify.js]
[demo.bootstrapdash.com/star-admin-free/dist/themes/assets/js/shared/dropzone.js]
[demo.bootstrapdash.com/star-admin-free/dist/themes/assets/js/shared/jquery-file-upload.js]
[demo.bootstrapdash.com/star-admin-free/dist/themes/vertical-default-light/pages/forms/advanced_elements.html]
[demo.bootstrapdash.com/star-admin-free/dist/themes/assets/js/shared/form-repeater.js]
[demo.bootstrapdash.com/star-admin-free/dist/themes/assets/vendors/jquery-validation/jquery.validate.min.js]
[demo.bootstrapdash.com/star-admin-free/dist/themes/assets/vendors/bootstrap-maxlength/bootstrap-maxlength.min.js]
[demo.bootstrapdash.com/star-admin-free/dist/themes/assets/js/shared/form-validation.js]
[demo.bootstrapdash.com/star-admin-free/dist/themes/vertical-default-light/pages/forms/validation.html]
[demo.bootstrapdash.com/star-admin-free/dist/themes/assets/js/shared/bt-maxLength.js]
[demo.bootstrapdash.com/star-admin-free/dist/themes/assets/vendors/jquery-steps/jquery.steps.min.js]
[demo.bootstrapdash.com/star-admin-free/dist/themes/vertical-default-light/pages/forms/wizard-step.html]
[demo.bootstrapdash.com/star-admin-free/dist/themes/assets/js/shared/wizard.js]
[demo.bootstrapdash.com/star-admin-free/dist/themes/vertical-default-light/pages/forms/wizard.html]
[demo.bootstrapdash.com/star-admin-free/dist/themes/assets/js/shared/st-wizard.js]
[demo.bootstrapdash.com/star-admin-free/dist/themes/assets/vendors/summernote/dist/summernote-bs4.css]
[demo.bootstrapdash.com/star-admin-free/dist/themes/assets/vendors/quill/quill.snow.css]
[demo.bootstrapdash.com/star-admin-free/dist/themes/assets/vendors/simplemde/simplemde.min.css]
[demo.bootstrapdash.com/star-admin-free/dist/themes/assets/vendors/summernote/dist/summernote-bs4.min.js]
[demo.bootstrapdash.com/star-admin-free/dist/themes/assets/vendors/tinymce/tinymce.min.js]
[demo.bootstrapdash.com/star-admin-free/dist/themes/assets/vendors/quill/quill.min.js]
[demo.bootstrapdash.com/star-admin-free/dist/themes/assets/vendors/simplemde/simplemde.min.js]
[demo.bootstrapdash.com/star-admin-free/dist/themes/vertical-default-light/pages/forms/text_editor.html]
[demo.bootstrapdash.com/star-admin-free/dist/themes/assets/js/shared/editorDemo.js]
[demo.bootstrapdash.com/star-admin-free/dist/themes/assets/vendors/codemirror/codemirror.css]
[demo.bootstrapdash.com/star-admin-free/dist/themes/assets/vendors/codemirror/ambiance.css]
[demo.bootstrapdash.com/star-admin-free/dist/themes/vertical-default-light/pages/forms/lib/codemirror.css]
[demo.bootstrapdash.com/star-admin-free/dist/themes/vertical-default-light/pages/forms/lib/codemirror.js]
[demo.bootstrapdash.com/star-admin-free/dist/themes/assets/vendors/ace-builds/src-min/ace.js]
[demo.bootstrapdash.com/star-admin-free/dist/themes/assets/vendors/ace-builds/src-min/mode-javascript.js]
[demo.bootstrapdash.com/star-admin-free/dist/themes/assets/vendors/ace-builds/src-min/theme-chaos.js]
[demo.bootstrapdash.com/star-admin-free/dist/themes/assets/vendors/codemirror/codemirror.js]
[demo.bootstrapdash.com/star-admin-free/dist/themes/assets/vendors/codemirror/javascript.js]
[demo.bootstrapdash.com/star-admin-free/dist/themes/assets/vendors/codemirror/shell.js]
[demo.bootstrapdash.com/star-admin-free/dist/themes/vertical-default-light/pages/forms/code_editor.html]
[demo.bootstrapdash.com/star-admin-free/dist/themes/assets/js/shared/codeEditor.js]
[demo.bootstrapdash.com/star-admin-free/dist/themes/vertical-default-light/pages/charts/chartjs.html]
[demo.bootstrapdash.com/star-admin-free/dist/themes/assets/js/shared/chart.js]
[demo.bootstrapdash.com/star-admin-free/dist/themes/assets/vendors/morris.js/morris.css]
[demo.bootstrapdash.com/star-admin-free/dist/themes/assets/vendors/raphael/raphael.min.js]
[demo.bootstrapdash.com/star-admin-free/dist/themes/assets/vendors/morris.js/morris.min.js]
[demo.bootstrapdash.com/star-admin-free/dist/themes/vertical-default-light/pages/charts/morris.html]
[demo.bootstrapdash.com/star-admin-free/dist/themes/assets/js/shared/morris.js]
[demo.bootstrapdash.com/star-admin-free/dist/themes/assets/vendors/flot/jquery.flot.js]
[demo.bootstrapdash.com/star-admin-free/dist/themes/assets/vendors/flot/jquery.flot.resize.js]
[demo.bootstrapdash.com/star-admin-free/dist/themes/assets/vendors/flot/jquery.flot.categories.js]
[demo.bootstrapdash.com/star-admin-free/dist/themes/assets/vendors/flot/jquery.flot.fillbetween.js]
[demo.bootstrapdash.com/star-admin-free/dist/themes/assets/vendors/flot/jquery.flot.stack.js]
[demo.bootstrapdash.com/star-admin-free/dist/themes/assets/vendors/flot/jquery.flot.pie.js]
[demo.bootstrapdash.com/star-admin-free/dist/themes/vertical-default-light/pages/charts/flot-chart.html]
[demo.bootstrapdash.com/star-admin-free/dist/themes/assets/js/shared/float-chart.js]
[www.gstatic.com/charts/loader.js]
[demo.bootstrapdash.com/star-admin-free/dist/themes/vertical-default-light/pages/charts/google-charts.html]
[demo.bootstrapdash.com/star-admin-free/dist/themes/assets/js/shared/google-charts.js]
[demo.bootstrapdash.com/star-admin-free/dist/themes/assets/vendors/jquery-sparkline/jquery.sparkline.min.js]
[demo.bootstrapdash.com/star-admin-free/dist/themes/vertical-default-light/pages/charts/sparkline.html]
[demo.bootstrapdash.com/star-admin-free/dist/themes/assets/js/shared/sparkline.js]
[demo.bootstrapdash.com/star-admin-free/dist/themes/assets/vendors/c3/c3.min.css]
[demo.bootstrapdash.com/star-admin-free/dist/themes/assets/vendors/d3/d3.min.js]
[demo.bootstrapdash.com/star-admin-free/dist/themes/assets/vendors/c3/c3.js]
[demo.bootstrapdash.com/star-admin-free/dist/themes/vertical-default-light/pages/charts/c3.html]
[demo.bootstrapdash.com/star-admin-free/dist/themes/assets/js/shared/c3.js]
[demo.bootstrapdash.com/star-admin-free/dist/themes/assets/vendors/chartist/chartist.min.css]
[demo.bootstrapdash.com/star-admin-free/dist/themes/assets/vendors/chartist/chartist.min.js]
[demo.bootstrapdash.com/star-admin-free/dist/themes/vertical-default-light/pages/charts/chartist.html]
[demo.bootstrapdash.com/star-admin-free/dist/themes/assets/js/shared/chartist.js]
[demo.bootstrapdash.com/star-admin-free/dist/themes/vertical-default-light/pages/charts/justGage.html]
[demo.bootstrapdash.com/star-admin-free/dist/themes/assets/js/shared/just-gage.js]
[demo.bootstrapdash.com/star-admin-free/dist/themes/assets/images/faces-clipart/pic-1.png]
[demo.bootstrapdash.com/star-admin-free/dist/themes/assets/images/faces-clipart/pic-2.png]
[demo.bootstrapdash.com/star-admin-free/dist/themes/assets/images/faces-clipart/pic-3.png]
[demo.bootstrapdash.com/star-admin-free/dist/themes/assets/images/faces-clipart/pic-4.png]
[demo.bootstrapdash.com/star-admin-free/dist/themes/vertical-default-light/pages/tables/basic-table.html]
[demo.bootstrapdash.com/star-admin-free/dist/themes/assets/vendors/datatables.net-bs4/dataTables.bootstrap4.css]
[demo.bootstrapdash.com/star-admin-free/dist/themes/assets/vendors/datatables.net-fixedcolumns-bs4/fixedColumns.bootstrap4.min.css]
[demo.bootstrapdash.com/star-admin-free/dist/themes/assets/vendors/datatables.net/jquery.dataTables.js]
[demo.bootstrapdash.com/star-admin-free/dist/themes/assets/vendors/datatables.net-bs4/dataTables.bootstrap4.js]
[demo.bootstrapdash.com/star-admin-free/dist/themes/assets/vendors/datatables.net-fixedcolumns/dataTables.fixedColumns.min.js]
[demo.bootstrapdash.com/star-admin-free/dist/themes/vertical-default-light/pages/tables/data-table.html]
[demo.bootstrapdash.com/star-admin-free/dist/themes/assets/js/shared/data-table.js]
[demo.bootstrapdash.com/star-admin-free/dist/themes/assets/vendors/jsgrid/jsgrid.min.css]
[demo.bootstrapdash.com/star-admin-free/dist/themes/assets/vendors/jsgrid/jsgrid-theme.min.css]
[demo.bootstrapdash.com/star-admin-free/dist/themes/assets/vendors/jsgrid/jsgrid.min.js]
[demo.bootstrapdash.com/star-admin-free/dist/themes/assets/js/shared/js-grid.js]
[demo.bootstrapdash.com/star-admin-free/dist/themes/vertical-default-light/pages/tables/js-grid.html]
[demo.bootstrapdash.com/star-admin-free/dist/themes/assets/js/shared/db.js]
[demo.bootstrapdash.com/star-admin-free/dist/themes/assets/js/shared/jq.tablesort.js]
[demo.bootstrapdash.com/star-admin-free/dist/themes/vertical-default-light/pages/tables/sortable-table.html]
[demo.bootstrapdash.com/star-admin-free/dist/themes/assets/js/shared/tablesorter.js]
[demo.bootstrapdash.com/star-admin-free/dist/themes/assets/vendors/sweetalert/sweetalert.min.js]
[demo.bootstrapdash.com/star-admin-free/dist/themes/assets/vendors/jquery.avgrund/jquery.avgrund.min.js]
[demo.bootstrapdash.com/star-admin-free/dist/themes/assets/js/shared/alerts.js]
[demo.bootstrapdash.com/star-admin-free/dist/themes/vertical-default-light/pages/ui-features/popups.html]
[demo.bootstrapdash.com/star-admin-free/dist/themes/assets/js/shared/avgrund.js]
[demo.bootstrapdash.com/star-admin-free/dist/themes/assets/vendors/jquery-toast-plugin/jquery.toast.min.css]
[demo.bootstrapdash.com/star-admin-free/dist/themes/assets/vendors/jquery-toast-plugin/jquery.toast.min.js]
[demo.bootstrapdash.com/star-admin-free/dist/themes/assets/js/shared/toastDemo.js]
[demo.bootstrapdash.com/star-admin-free/dist/themes/vertical-default-light/pages/ui-features/notifications.html]
[demo.bootstrapdash.com/star-admin-free/dist/themes/vertical-default-light/pages/icons/flag-icons.html]
[demo.bootstrapdash.com/star-admin-free/dist/themes/vertical-default-light/pages/icons/font-awesome.html]
[demo.bootstrapdash.com/star-admin-free/dist/themes/assets/js/shared/desktop-notification.js]
[demo.bootstrapdash.com/star-admin-free/dist/themes/vertical-default-light/pages/icons/simple-line-icon.html]
[demo.bootstrapdash.com/star-admin-free/dist/themes/vertical-default-light/pages/icons/themify.html]
[demo.bootstrapdash.com/star-admin-free/dist/themes/assets/vendors/simple-line-icons/css/simple-line-icons.css]
[demo.bootstrapdash.com/star-admin-free/dist/themes/assets/vendors/jquery-mapael/jquery.mapael.min.js]
[demo.bootstrapdash.com/star-admin-free/dist/themes/assets/vendors/jquery-mapael/france_departments.min.js]
[demo.bootstrapdash.com/star-admin-free/dist/themes/assets/vendors/jquery-mapael/usa_states.min.js]
[demo.bootstrapdash.com/star-admin-free/dist/themes/assets/vendors/jquery-mapael/world_countries.min.js]
[demo.bootstrapdash.com/star-admin-free/dist/themes/assets/js/shared/mapeal.js]
[demo.bootstrapdash.com/star-admin-free/dist/themes/assets/js/shared/mapeal_example_2.js]
[demo.bootstrapdash.com/star-admin-free/dist/themes/vertical-default-light/pages/maps/mapeal.html]
[demo.bootstrapdash.com/star-admin-free/dist/themes/assets/js/shared/mapeal_example_3.js]
[demo.bootstrapdash.com/star-admin-free/dist/themes/vertical-default-light/pages/maps/vector-map.html]
[demo.bootstrapdash.com/star-admin-free/dist/themes/assets/js/shared/maps.js]
[demo.bootstrapdash.com/star-admin-free/dist/themes/vertical-default-light/pages/maps/google-maps.html]
[demo.bootstrapdash.com/star-admin-free/dist/themes/vertical-default-light/pages/samples/login.html]
[demo.bootstrapdash.com/star-admin-free/dist/themes/vertical-default-light/pages/samples/login-2.html]
[demo.bootstrapdash.com/star-admin-free/dist/themes/vertical-default-light/pages/samples/register.html]
[demo.bootstrapdash.com/star-admin-free/dist/themes/vertical-default-light/pages/samples/register-2.html]
[demo.bootstrapdash.com/star-admin-free/dist/themes/vertical-default-light/pages/samples/lock-screen.html]
[demo.bootstrapdash.com/star-admin-free/dist/themes/vertical-default-light/pages/samples/error-404.html]
[demo.bootstrapdash.com/star-admin-free/dist/themes/vertical-default-light/pages/samples/error-500.html]
[demo.bootstrapdash.com/star-admin-free/dist/themes/vertical-default-light/pages/samples/blank-page.html]
[demo.bootstrapdash.com/star-admin-free/dist/themes/assets/js/shared/google-maps.js]
[demo.bootstrapdash.com/star-admin-free/dist/themes/assets/images/samples/bootstrap-stack.png]
[demo.bootstrapdash.com/star-admin-free/dist/themes/assets/images/samples/angular-4.png]
[demo.bootstrapdash.com/star-admin-free/dist/themes/assets/images/samples/html5.png]
[demo.bootstrapdash.com/star-admin-free/dist/themes/assets/images/samples/dashboard.png]
[demo.bootstrapdash.com/star-admin-free/dist/themes/assets/images/samples/widgets.png]
[demo.bootstrapdash.com/star-admin-free/dist/themes/assets/images/samples/modal.png]
[demo.bootstrapdash.com/star-admin-free/dist/themes/assets/images/samples/e-commerce.png]
[demo.bootstrapdash.com/star-admin-free/dist/themes/assets/images/samples/email.png]
[demo.bootstrapdash.com/star-admin-free/dist/themes/assets/images/samples/charts.png]
[demo.bootstrapdash.com/star-admin-free/dist/themes/assets/images/samples/editors.png]
[demo.bootstrapdash.com/star-admin-free/dist/themes/assets/images/samples/forms.png]
[demo.bootstrapdash.com/star-admin-free/dist/themes/assets/images/samples/popup.png]
[demo.bootstrapdash.com/star-admin-free/dist/themes/vertical-default-light/pages/samples/landing-page.html]
[demo.bootstrapdash.com/star-admin-free/dist/themes/assets/images/faces/profile/profile.jpg]
[demo.bootstrapdash.com/star-admin-free/dist/themes/assets/images/samples/profile_page/logo/01.png]
[demo.bootstrapdash.com/star-admin-free/dist/themes/assets/images/samples/profile_page/logo/02.png]
[demo.bootstrapdash.com/star-admin-free/dist/themes/assets/images/samples/profile_page/logo/03.png]
[demo.bootstrapdash.com/star-admin-free/dist/themes/assets/images/samples/profile_page/banner_01.jpg]
[demo.bootstrapdash.com/star-admin-free/dist/themes/assets/images/samples/profile_page/banner_02.jpg]
[demo.bootstrapdash.com/star-admin-free/dist/themes/assets/images/samples/profile_page/thumbnail/01.jpg]
[demo.bootstrapdash.com/star-admin-free/dist/themes/assets/images/samples/profile_page/thumbnail/02.jpg]
[demo.bootstrapdash.com/star-admin-free/dist/themes/assets/images/samples/profile_page/thumbnail/03.jpg]
[demo.bootstrapdash.com/star-admin-free/dist/themes/assets/images/samples/profile_page/thumbnail/04.jpg]
[demo.bootstrapdash.com/star-admin-free/dist/themes/assets/images/samples/profile_page/thumbnail/05.jpg]
[demo.bootstrapdash.com/star-admin-free/dist/themes/assets/images/samples/profile_page/thumbnail/06.jpg]
[demo.bootstrapdash.com/star-admin-free/dist/themes/assets/images/samples/profile_page/thumbnail/07.jpg]
[demo.bootstrapdash.com/star-admin-free/dist/themes/assets/images/samples/profile_page/thumbnail/08.jpg]
[demo.bootstrapdash.com/star-admin-free/dist/themes/assets/images/samples/profile_page/thumbnail/09.jpg]
[demo.bootstrapdash.com/star-admin-free/dist/themes/assets/images/samples/profile_page/thumbnail/10.jpg]
[demo.bootstrapdash.com/star-admin-free/dist/themes/assets/images/samples/profile_page/thumbnail/11.jpg]
[demo.bootstrapdash.com/star-admin-free/dist/themes/assets/images/samples/profile_page/thumbnail/12.jpg]
[demo.bootstrapdash.com/star-admin-free/dist/themes/vertical-default-light/pages/samples/profile.html]
[demo.bootstrapdash.com/star-admin-free/dist/themes/vertical-default-light/pages/samples/faq.html]
[demo.bootstrapdash.com/star-admin-free/dist/themes/vertical-default-light/pages/samples/faq-2.html]
[demo.bootstrapdash.com/star-admin-free/dist/themes/vertical-default-light/pages/samples/news-grid.html]
[demo.bootstrapdash.com/star-admin-free/dist/themes/vertical-default-light/pages/samples/timeline.html]
[demo.bootstrapdash.com/star-admin-free/dist/themes/vertical-default-light/pages/samples/search-results.html]
[demo.bootstrapdash.com/star-admin-free/dist/themes/assets/images/samples/300x300/13.jpg]
[demo.bootstrapdash.com/star-admin-free/dist/themes/assets/images/samples/300x300/14.jpg]
[demo.bootstrapdash.com/star-admin-free/dist/themes/assets/images/samples/300x300/15.jpg]
[demo.bootstrapdash.com/star-admin-free/dist/themes/vertical-default-light/pages/samples/portfolio.html]
[demo.bootstrapdash.com/star-admin-free/dist/themes/vertical-default-light/pages/samples/user-listing.html]
[demo.bootstrapdash.com/star-admin-free/dist/themes/assets/images/email/fb.png]
[demo.bootstrapdash.com/star-admin-free/dist/themes/assets/images/email/twitter.png]
[demo.bootstrapdash.com/star-admin-free/dist/themes/assets/images/email/youtube.png]
[demo.bootstrapdash.com/star-admin-free/dist/themes/assets/images/email/medium.png]
[demo.bootstrapdash.com/star-admin-free/dist/themes/assets/images/email/slack.png]
[demo.bootstrapdash.com/star-admin-free/dist/themes/assets/images/email/mail-image.jpg]
[demo.bootstrapdash.com/star-admin-free/dist/themes/vertical-default-light/pages/samples/email-template.html]
[demo.bootstrapdash.com/star-admin-free/dist/themes/vertical-default-light/pages/samples/invoice.html]
[demo.bootstrapdash.com/star-admin-free/dist/themes/vertical-default-light/pages/samples/invoice_2.html]
[demo.bootstrapdash.com/star-admin-free/dist/themes/vertical-default-light/pages/samples/pricing-table.html]
[demo.bootstrapdash.com/star-admin-free/dist/themes/assets/images/product_images_2/thumb_image12.jpg]
[demo.bootstrapdash.com/star-admin-free/dist/themes/assets/images/product_images_2/thumb_image1.jpg]
[demo.bootstrapdash.com/star-admin-free/dist/themes/assets/images/product_images_2/thumb_image2.jpg]
[demo.bootstrapdash.com/star-admin-free/dist/themes/assets/images/product_images_2/thumb_image3.jpg]
[demo.bootstrapdash.com/star-admin-free/dist/themes/assets/images/product_images_2/thumb_image4.jpg]
[demo.bootstrapdash.com/star-admin-free/dist/themes/assets/images/product_images_2/thumb_image5.jpg]
[demo.bootstrapdash.com/star-admin-free/dist/themes/assets/images/product_images_2/thumb_image6.jpg]
[demo.bootstrapdash.com/star-admin-free/dist/themes/assets/images/product_images_2/thumb_image7.jpg]
[demo.bootstrapdash.com/star-admin-free/dist/themes/assets/images/product_images_2/thumb_image8.jpg]
[demo.bootstrapdash.com/star-admin-free/dist/themes/assets/images/product_images_2/thumb_image9.jpg]
[demo.bootstrapdash.com/star-admin-free/dist/themes/assets/images/product_images_2/thumb_image10.jpg]
[demo.bootstrapdash.com/star-admin-free/dist/themes/vertical-default-light/pages/samples/product-catalogue.html]
[demo.bootstrapdash.com/star-admin-free/dist/themes/assets/images/product_images_2/thumb_image11.jpg]
[demo.bootstrapdash.com/star-admin-free/dist/themes/assets/images/brand_icons/bitmap.jpg]
[demo.bootstrapdash.com/star-admin-free/dist/themes/assets/images/brand_icons/oval-copy.jpg]
[demo.bootstrapdash.com/star-admin-free/dist/themes/assets/images/brand_icons/oval.jpg]
[demo.bootstrapdash.com/star-admin-free/dist/themes/vertical-default-light/pages/samples/project-list.html]
[demo.bootstrapdash.com/star-admin-free/dist/themes/vertical-default-light/pages/samples/orders.html]
[demo.bootstrapdash.com/star-admin-free/dist/themes/assets/vendors/typicons/typicons2471.svg]
[code.jquery.com/ui/1.10.4/themes/ui-lightness/images/animated-overlay.gif]
[code.jquery.com/ui/1.10.4/themes/ui-lightness/images/ui-bg_highlight-soft_100_eeeeee_1x100.png]
[code.jquery.com/ui/1.10.4/themes/ui-lightness/images/ui-bg_gloss-wave_35_f6a828_500x100.png]
[code.jquery.com/ui/1.10.4/themes/ui-lightness/images/ui-bg_glass_100_f6f6f6_1x400.png]
[code.jquery.com/ui/1.10.4/themes/ui-lightness/images/ui-bg_glass_100_fdf5ce_1x400.png]
[code.jquery.com/ui/1.10.4/themes/ui-lightness/images/ui-bg_glass_65_ffffff_1x400.png]
[code.jquery.com/ui/1.10.4/themes/ui-lightness/images/ui-bg_highlight-soft_75_ffe45c_1x100.png]
[code.jquery.com/ui/1.10.4/themes/ui-lightness/images/ui-bg_diagonals-thick_18_b81900_40x40.png]
[code.jquery.com/ui/1.10.4/themes/ui-lightness/images/ui-icons_222222_256x240.png]
[code.jquery.com/ui/1.10.4/themes/ui-lightness/images/ui-icons_ffffff_256x240.png]
[code.jquery.com/ui/1.10.4/themes/ui-lightness/images/ui-icons_ef8c08_256x240.png]
[code.jquery.com/ui/1.10.4/themes/ui-lightness/images/ui-icons_228ef1_256x240.png]
[code.jquery.com/ui/1.10.4/themes/ui-lightness/images/ui-icons_ffd27a_256x240.png]
[code.jquery.com/ui/1.10.4/themes/ui-lightness/images/ui-bg_diagonals-thick_20_666666_40x40.png]
[code.jquery.com/ui/1.10.4/themes/ui-lightness/images/ui-bg_flat_10_000000_40x100.png]
[code.jquery.com/ui/1.10.4/themes/ui-lightness/jquery-ui.css]
[demo.bootstrapdash.com/star-admin-free/dist/themes/assets/vendors/fullcalendar/fullcalendar.min.css]
[demo.bootstrapdash.com/star-admin-free/dist/themes/assets/vendors/lightgallery/img/vimeo-play.png]
[demo.bootstrapdash.com/star-admin-free/dist/themes/assets/vendors/lightgallery/img/video-play.png]
[demo.bootstrapdash.com/star-admin-free/dist/themes/assets/vendors/lightgallery/img/youtube-play.png]
[demo.bootstrapdash.com/star-admin-free/dist/themes/assets/vendors/lightgallery/img/loading.gif]
[demo.bootstrapdash.com/star-admin-free/dist/themes/assets/vendors/lightgallery/css/lightgallery.css]
[demo.bootstrapdash.com/star-admin-free/dist/themes/assets/vendors/jquery-bar-rating/css-stars.css]
[demo.bootstrapdash.com/star-admin-free/dist/themes/assets/vendors/dragula/dragula.min.css]
[demo.bootstrapdash.com/star-admin-free/dist/themes/assets/vendors/jquery-contextmenu/font/context-menu-icons6a65.eot]
[demo.bootstrapdash.com/star-admin-free/dist/themes/assets/vendors/jquery-contextmenu/font/context-menu-icons6a65.woff2]
[demo.bootstrapdash.com/star-admin-free/dist/themes/assets/vendors/jquery-contextmenu/font/context-menu-icons6a65.woff]
[demo.bootstrapdash.com/star-admin-free/dist/themes/assets/vendors/jquery-contextmenu/font/context-menu-icons6a65.ttf]
[demo.bootstrapdash.com/star-admin-free/dist/themes/assets/vendors/jquery-contextmenu/jquery.contextMenu.min.css]
[demo.bootstrapdash.com/star-admin-free/dist/themes/assets/vendors/nouislider/nouislider.min.css]
[demo.bootstrapdash.com/star-admin-free/dist/themes/assets/vendors/ion-rangeslider/css/ion.rangeSlider.css]
[demo.bootstrapdash.com/star-admin-free/dist/themes/assets/vendors/owl-carousel-2/owl.video.play.png]
[demo.bootstrapdash.com/star-admin-free/dist/themes/assets/vendors/owl-carousel-2/owl.carousel.min.css]
[demo.bootstrapdash.com/star-admin-free/dist/themes/assets/vendors/owl-carousel-2/owl.theme.default.min.css]
[demo.bootstrapdash.com/star-admin-free/dist/themes/assets/vendors/jstree/themes/default/32px.png]
[demo.bootstrapdash.com/star-admin-free/dist/themes/assets/vendors/jstree/themes/default/throbber.gif]
[demo.bootstrapdash.com/star-admin-free/dist/themes/assets/vendors/jstree/themes/default/40px.png]
[demo.bootstrapdash.com/star-admin-free/dist/themes/assets/vendors/jstree/themes/default/style.min.css]
[demo.bootstrapdash.com/star-admin-free/dist/themes/assets/vendors/select2/select2.min.css]
[demo.bootstrapdash.com/star-admin-free/dist/themes/assets/vendors/select2-bootstrap-theme/select2-bootstrap.min.css]
[demo.bootstrapdash.com/star-admin-free/dist/themes/assets/vendors/icheck/minimal/_all.css]
[demo.bootstrapdash.com/star-admin-free/dist/themes/assets/vendors/icheck/square/_all.css]
[demo.bootstrapdash.com/star-admin-free/dist/themes/assets/vendors/icheck/flat/_all.css]
[demo.bootstrapdash.com/star-admin-free/dist/themes/assets/vendors/icheck/line/_all.css]
[demo.bootstrapdash.com/star-admin-free/dist/themes/assets/vendors/icheck/polaris/polaris.css]
[demo.bootstrapdash.com/star-admin-free/dist/themes/assets/vendors/icheck/all.css]
[demo.bootstrapdash.com/star-admin-free/dist/themes/assets/vendors/dropzone/dropzone.css]
[demo.bootstrapdash.com/star-admin-free/dist/themes/assets/vendors/font-awesome/css/font-awesome.min.css]
[demo.bootstrapdash.com/star-admin-free/dist/themes/assets/vendors/jquery-bar-rating/bars-1to10.css]
[demo.bootstrapdash.com/star-admin-free/dist/themes/assets/vendors/jquery-bar-rating/bars-horizontal.css]
[demo.bootstrapdash.com/star-admin-free/dist/themes/assets/vendors/jquery-bar-rating/bars-movie.css]
[demo.bootstrapdash.com/star-admin-free/dist/themes/assets/vendors/jquery-bar-rating/bars-pill.css]
[demo.bootstrapdash.com/star-admin-free/dist/themes/assets/vendors/jquery-bar-rating/bars-reversed.css]
[demo.bootstrapdash.com/star-admin-free/dist/themes/assets/vendors/jquery-bar-rating/bars-square.css]
[demo.bootstrapdash.com/star-admin-free/dist/themes/assets/vendors/jquery-bar-rating/bootstrap-stars.css]
[demo.bootstrapdash.com/star-admin-free/dist/themes/assets/vendors/jquery-bar-rating/examples.css]
[demo.bootstrapdash.com/star-admin-free/dist/themes/assets/vendors/jquery-bar-rating/fontawesome-stars-o.css]
[demo.bootstrapdash.com/star-admin-free/dist/themes/assets/vendors/jquery-bar-rating/fontawesome-stars.css]
[demo.bootstrapdash.com/star-admin-free/dist/themes/assets/vendors/icheck/futurico/futurico.css]
[demo.bootstrapdash.com/star-admin-free/dist/themes/assets/vendors/jquery-asColorPicker/images/transparent.png]
[demo.bootstrapdash.com/star-admin-free/dist/themes/assets/vendors/jquery-asColorPicker/images/saturation.png]
[demo.bootstrapdash.com/star-admin-free/dist/themes/assets/vendors/jquery-asColorPicker/images/hue.png]
[demo.bootstrapdash.com/star-admin-free/dist/themes/assets/vendors/jquery-asColorPicker/images/alpha.png]
[demo.bootstrapdash.com/star-admin-free/dist/themes/assets/vendors/jquery-asColorPicker/css/asColorPicker.min.css]
[demo.bootstrapdash.com/star-admin-free/dist/themes/assets/vendors/img/loading.gif]
[demo.bootstrapdash.com/star-admin-free/dist/themes/assets/vendors/img/clear.png]
[demo.bootstrapdash.com/star-admin-free/dist/themes/assets/vendors/x-editable/bootstrap-editable.css]
[demo.bootstrapdash.com/star-admin-free/dist/themes/assets/vendors/bootstrap-datepicker/bootstrap-datepicker.min.css]
[demo.bootstrapdash.com/star-admin-free/dist/themes/assets/vendors/dropify/dropify.min.css]
[demo.bootstrapdash.com/star-admin-free/dist/themes/assets/vendors/jquery-file-upload/uploadfile.css]
[demo.bootstrapdash.com/star-admin-free/dist/themes/assets/vendors/jquery-tags-input/jquery.tagsinput.min.css]
[demo.bootstrapdash.com/star-admin-free/dist/themes/assets/vendors/tempusdominus-bootstrap-4/tempusdominus-bootstrap-4.min.css]
[demo.bootstrapdash.com/star-admin-free/dist/themes/vertical-default-light/pages/images/favicon.png]
[demo.bootstrapdash.com/star-admin-free/dist/themes/assets/images/file-icons/64/001-interface-1.png]
[demo.bootstrapdash.com/star-admin-free/dist/themes/assets/images/file-icons/128/001-interface-1.png]
[demo.bootstrapdash.com/star-admin-free/dist/themes/vertical-default-light/pages/forms/dropify.html]
[demo.bootstrapdash.com/star-admin-free/dist/themes/assets/vendors/summernote/dist/font/summernote64fe.eot]
[demo.bootstrapdash.com/star-admin-free/dist/themes/assets/vendors/summernote/dist/font/summernote64fe.woff]
[demo.bootstrapdash.com/star-admin-free/dist/themes/assets/vendors/summernote/dist/font/summernote64fe.ttf]
[demo.bootstrapdash.com/star-admin-free/dist/themes/assets/vendors/summernote/dist/summernote-bs4.css]
[demo.bootstrapdash.com/star-admin-free/dist/themes/assets/vendors/quill/quill.snow.css]
[demo.bootstrapdash.com/star-admin-free/dist/themes/assets/vendors/simplemde/simplemde.min.css]
[demo.bootstrapdash.com/star-admin-free/dist/themes/assets/vendors/codemirror/codemirror.css]
[demo.bootstrapdash.com/star-admin-free/dist/themes/assets/vendors/codemirror/ambiance.css]
[demo.bootstrapdash.com/star-admin-free/dist/themes/vertical-default-light/pages/forms/lib/codemirror.html]
[demo.bootstrapdash.com/star-admin-free/dist/themes/vertical-default-light/pages/forms/lib/codemirror-2.html]
[demo.bootstrapdash.com/star-admin-free/dist/themes/assets/vendors/morris.js/morris.css]
[demo.bootstrapdash.com/star-admin-free/dist/themes/assets/vendors/c3/c3.min.css]
[demo.bootstrapdash.com/star-admin-free/dist/themes/assets/vendors/chartist/chartist.min.css]
[demo.bootstrapdash.com/star-admin-free/dist/themes/assets/vendors/datatables.net-bs4/dataTables.bootstrap4.css]
[demo.bootstrapdash.com/star-admin-free/dist/themes/assets/vendors/datatables.net-fixedcolumns-bs4/fixedColumns.bootstrap4.min.css]
[demo.bootstrapdash.com/star-admin-free/dist/themes/assets/vendors/jsgrid/jsgrid.min.css]
[demo.bootstrapdash.com/star-admin-free/dist/themes/assets/vendors/jsgrid/jsgrid-theme.min.css]
[demo.bootstrapdash.com/star-admin-free/dist/themes/assets/vendors/jquery-toast-plugin/jquery.toast.min.css]
[demo.bootstrapdash.com/star-admin-free/dist/themes/assets/vendors/simple-line-icons/css/simple-line-icons.css]
[demo.bootstrapdash.com/star-admin-free/dist/themes/assets/vendors/jquery-contextmenu/font/context-menu-icons6a65.html]
[demo.bootstrapdash.com/star-admin-free/dist/themes/assets/vendors/jquery-contextmenu/font/context-menu-icons6a65-2.html]
[demo.bootstrapdash.com/star-admin-free/dist/themes/assets/vendors/jquery-contextmenu/font/context-menu-icons6a65-3.html]
[demo.bootstrapdash.com/star-admin-free/dist/themes/assets/vendors/jquery-contextmenu/font/context-menu-icons6a65-4.html]
[demo.bootstrapdash.com/star-admin-free/dist/themes/assets/vendors/icheck/minimal/minimal.png]
[demo.bootstrapdash.com/star-admin-free/dist/themes/assets/vendors/icheck/minimal/minimal@2x.png]
[demo.bootstrapdash.com/star-admin-free/dist/themes/assets/vendors/icheck/minimal/red.png]
[demo.bootstrapdash.com/star-admin-free/dist/themes/assets/vendors/icheck/minimal/red@2x.png]
[demo.bootstrapdash.com/star-admin-free/dist/themes/assets/vendors/icheck/minimal/green.png]
[demo.bootstrapdash.com/star-admin-free/dist/themes/assets/vendors/icheck/minimal/green@2x.png]
[demo.bootstrapdash.com/star-admin-free/dist/themes/assets/vendors/icheck/minimal/blue.png]
[demo.bootstrapdash.com/star-admin-free/dist/themes/assets/vendors/icheck/minimal/blue@2x.png]
[demo.bootstrapdash.com/star-admin-free/dist/themes/assets/vendors/icheck/minimal/aero.png]
[demo.bootstrapdash.com/star-admin-free/dist/themes/assets/vendors/icheck/minimal/aero@2x.png]
[demo.bootstrapdash.com/star-admin-free/dist/themes/assets/vendors/icheck/minimal/grey.png]
[demo.bootstrapdash.com/star-admin-free/dist/themes/assets/vendors/icheck/minimal/grey@2x.png]
[demo.bootstrapdash.com/star-admin-free/dist/themes/assets/vendors/icheck/minimal/orange.png]
[demo.bootstrapdash.com/star-admin-free/dist/themes/assets/vendors/icheck/minimal/orange@2x.png]
[demo.bootstrapdash.com/star-admin-free/dist/themes/assets/vendors/icheck/minimal/yellow.png]
[demo.bootstrapdash.com/star-admin-free/dist/themes/assets/vendors/icheck/minimal/yellow@2x.png]
[demo.bootstrapdash.com/star-admin-free/dist/themes/assets/vendors/icheck/minimal/pink.png]
[demo.bootstrapdash.com/star-admin-free/dist/themes/assets/vendors/icheck/minimal/pink@2x.png]
[demo.bootstrapdash.com/star-admin-free/dist/themes/assets/vendors/icheck/minimal/purple.png]
[demo.bootstrapdash.com/star-admin-free/dist/themes/assets/vendors/icheck/minimal/purple@2x.png]
[demo.bootstrapdash.com/star-admin-free/dist/themes/assets/vendors/icheck/minimal/_all.css]
[demo.bootstrapdash.com/star-admin-free/dist/themes/assets/vendors/icheck/square/square.png]
[demo.bootstrapdash.com/star-admin-free/dist/themes/assets/vendors/icheck/square/square@2x.png]
[demo.bootstrapdash.com/star-admin-free/dist/themes/assets/vendors/icheck/square/red.png]
[demo.bootstrapdash.com/star-admin-free/dist/themes/assets/vendors/icheck/square/red@2x.png]
[demo.bootstrapdash.com/star-admin-free/dist/themes/assets/vendors/icheck/square/green.png]
[demo.bootstrapdash.com/star-admin-free/dist/themes/assets/vendors/icheck/square/green@2x.png]
[demo.bootstrapdash.com/star-admin-free/dist/themes/assets/vendors/icheck/square/blue.png]
[demo.bootstrapdash.com/star-admin-free/dist/themes/assets/vendors/icheck/square/blue@2x.png]
[demo.bootstrapdash.com/star-admin-free/dist/themes/assets/vendors/icheck/square/aero.png]
[demo.bootstrapdash.com/star-admin-free/dist/themes/assets/vendors/icheck/square/aero@2x.png]
[demo.bootstrapdash.com/star-admin-free/dist/themes/assets/vendors/icheck/square/grey.png]
[demo.bootstrapdash.com/star-admin-free/dist/themes/assets/vendors/icheck/square/grey@2x.png]
[demo.bootstrapdash.com/star-admin-free/dist/themes/assets/vendors/icheck/square/orange.png]
[demo.bootstrapdash.com/star-admin-free/dist/themes/assets/vendors/icheck/square/orange@2x.png]
[demo.bootstrapdash.com/star-admin-free/dist/themes/assets/vendors/icheck/square/yellow.png]
[demo.bootstrapdash.com/star-admin-free/dist/themes/assets/vendors/icheck/square/yellow@2x.png]
[demo.bootstrapdash.com/star-admin-free/dist/themes/assets/vendors/icheck/square/pink.png]
[demo.bootstrapdash.com/star-admin-free/dist/themes/assets/vendors/icheck/square/pink@2x.png]
[demo.bootstrapdash.com/star-admin-free/dist/themes/assets/vendors/icheck/square/purple.png]
[demo.bootstrapdash.com/star-admin-free/dist/themes/assets/vendors/icheck/square/purple@2x.png]
[demo.bootstrapdash.com/star-admin-free/dist/themes/assets/vendors/icheck/square/_all.css]
[demo.bootstrapdash.com/star-admin-free/dist/themes/assets/vendors/icheck/flat/flat.png]
[demo.bootstrapdash.com/star-admin-free/dist/themes/assets/vendors/icheck/flat/flat@2x.png]
[demo.bootstrapdash.com/star-admin-free/dist/themes/assets/vendors/icheck/flat/red.png]
[demo.bootstrapdash.com/star-admin-free/dist/themes/assets/vendors/icheck/flat/red@2x.png]
[demo.bootstrapdash.com/star-admin-free/dist/themes/assets/vendors/icheck/flat/green.png]
[demo.bootstrapdash.com/star-admin-free/dist/themes/assets/vendors/icheck/flat/green@2x.png]
[demo.bootstrapdash.com/star-admin-free/dist/themes/assets/vendors/icheck/flat/blue.png]
[demo.bootstrapdash.com/star-admin-free/dist/themes/assets/vendors/icheck/flat/blue@2x.png]
[demo.bootstrapdash.com/star-admin-free/dist/themes/assets/vendors/icheck/flat/aero.png]
[demo.bootstrapdash.com/star-admin-free/dist/themes/assets/vendors/icheck/flat/aero@2x.png]
[demo.bootstrapdash.com/star-admin-free/dist/themes/assets/vendors/icheck/flat/grey.png]
[demo.bootstrapdash.com/star-admin-free/dist/themes/assets/vendors/icheck/flat/grey@2x.png]
[demo.bootstrapdash.com/star-admin-free/dist/themes/assets/vendors/icheck/flat/orange.png]
[demo.bootstrapdash.com/star-admin-free/dist/themes/assets/vendors/icheck/flat/orange@2x.png]
[demo.bootstrapdash.com/star-admin-free/dist/themes/assets/vendors/icheck/flat/yellow.png]
[demo.bootstrapdash.com/star-admin-free/dist/themes/assets/vendors/icheck/flat/yellow@2x.png]
[demo.bootstrapdash.com/star-admin-free/dist/themes/assets/vendors/icheck/flat/pink.png]
[demo.bootstrapdash.com/star-admin-free/dist/themes/assets/vendors/icheck/flat/pink@2x.png]
[demo.bootstrapdash.com/star-admin-free/dist/themes/assets/vendors/icheck/flat/purple.png]
[demo.bootstrapdash.com/star-admin-free/dist/themes/assets/vendors/icheck/flat/purple@2x.png]
[demo.bootstrapdash.com/star-admin-free/dist/themes/assets/vendors/icheck/flat/_all.css]
[demo.bootstrapdash.com/star-admin-free/dist/themes/assets/vendors/icheck/line/line.png]
[demo.bootstrapdash.com/star-admin-free/dist/themes/assets/vendors/icheck/line/_all.css]
[demo.bootstrapdash.com/star-admin-free/dist/themes/assets/vendors/icheck/line/line@2x.png]
[demo.bootstrapdash.com/star-admin-free/dist/themes/assets/vendors/icheck/polaris/polaris.png]
[demo.bootstrapdash.com/star-admin-free/dist/themes/assets/vendors/icheck/polaris/polaris@2x.png]
[demo.bootstrapdash.com/star-admin-free/dist/themes/assets/vendors/icheck/polaris/polaris.css]
[demo.bootstrapdash.com/star-admin-free/dist/themes/assets/vendors/icheck/futurico/futurico.png]
[demo.bootstrapdash.com/star-admin-free/dist/themes/assets/vendors/icheck/futurico/futurico@2x.png]
[demo.bootstrapdash.com/star-admin-free/dist/themes/assets/vendors/icheck/futurico/futurico.css]
[demo.bootstrapdash.com/star-admin-free/dist/themes/assets/vendors/img/loading.html]
[demo.bootstrapdash.com/star-admin-free/dist/themes/assets/vendors/img/clear.html]
[demo.bootstrapdash.com/star-admin-free/dist/themes/vertical-default-light/pages/images/favicon.html]
